[train.sh] sim_launch.py baslatiliyor...
[train.sh] /scan'in publish edilmesi bekleniyor...
[train.sh] sim hazir (2. denemede)
[train.sh] PPO egitimi basliyor (config=configs/ppo.yaml)...
[train_ppo] resuming from ./runs/ppo/checkpoints/ppo_drone_248544_steps.zip
Logging to runs/ppo/tb/PPO_4
---------------------------------
| rollout/           |          |
|    ep_len_mean     | 299      |
|    ep_rew_mean     | -12.7    |
| time/              |          |
|    fps             | 40       |
|    iterations      | 1        |
|    time_elapsed    | 50       |
|    total_timesteps | 250592   |
---------------------------------
-----------------------------------------
| rollout/                |             |
|    ep_len_mean          | 312         |
|    ep_rew_mean          | -13.6       |
| time/                   |             |
|    fps                  | 39          |
|    iterations           | 2           |
|    time_elapsed         | 104         |
|    total_timesteps      | 252640      |
| train/                  |             |
|    approx_kl            | 0.019421838 |
|    clip_fraction        | 0.163       |
|    clip_range           | 0.2         |
|    entropy_loss         | -3.59       |
|    explained_variance   | 0.827       |
|    learning_rate        | 0.0003      |
|    loss                 | 0.286       |
|    n_updates            | 1215        |
|    policy_gradient_loss | -0.00483    |
|    std                  | 0.802       |
|    value_loss           | 1.08        |
-----------------------------------------
-----------------------------------------
| rollout/                |             |
|    ep_len_mean          | 321         |
|    ep_rew_mean          | -14.3       |
| time/                   |             |
|    fps                  | 39          |
|    iterations           | 3           |
|    time_elapsed         | 157         |
|    total_timesteps      | 254688      |
| train/                  |             |
|    approx_kl            | 0.015122415 |
|    clip_fraction        | 0.177       |
|    clip_range           | 0.2         |
|    entropy_loss         | -3.58       |
|    explained_variance   | 0.543       |
|    learning_rate        | 0.0003      |
|    loss                 | 0.278       |
|    n_updates            | 1225        |
|    policy_gradient_loss | -0.00506    |
|    std                  | 0.806       |
|    value_loss           | 0.739       |
-----------------------------------------
-----------------------------------------
| rollout/                |             |
|    ep_len_mean          | 340         |
|    ep_rew_mean          | -15.8       |
| time/                   |             |
|    fps                  | 39          |
|    iterations           | 4           |
|    time_elapsed         | 209         |
|    total_timesteps      | 256736      |
| train/                  |             |
|    approx_kl            | 0.011815246 |
|    clip_fraction        | 0.125       |
|    clip_range           | 0.2         |
|    entropy_loss         | -3.58       |
|    explained_variance   | 0.822       |
|    learning_rate        | 0.0003      |
|    loss                 | 0.46        |
|    n_updates            | 1235        |
|    policy_gradient_loss | -0.00591    |
|    std                  | 0.803       |
|    value_loss           | 1.1         |
-----------------------------------------
----------------------------------------
| rollout/                |            |
|    ep_len_mean          | 353        |
|    ep_rew_mean          | -16.9      |
| time/                   |            |
|    fps                  | 38         |
|    iterations           | 5          |
|    time_elapsed         | 263        |
|    total_timesteps      | 258784     |
| train/                  |            |
|    approx_kl            | 0.01434483 |
|    clip_fraction        | 0.157      |
|    clip_range           | 0.2        |
|    entropy_loss         | -3.59      |
|    explained_variance   | 0.465      |
|    learning_rate        | 0.0003     |
|    loss                 | 0.396      |
|    n_updates            | 1245       |
|    policy_gradient_loss | -0.00557   |
|    std                  | 0.81       |
|    value_loss           | 1.1        |
----------------------------------------
-----------------------------------------
| rollout/                |             |
|    ep_len_mean          | 367         |
|    ep_rew_mean          | -17.5       |
| time/                   |             |
|    fps                  | 38          |
|    iterations           | 6           |
|    time_elapsed         | 316         |
|    total_timesteps      | 260832      |
| train/                  |             |
|    approx_kl            | 0.011599591 |
|    clip_fraction        | 0.162       |
|    clip_range           | 0.2         |
|    entropy_loss         | -3.62       |
|    explained_variance   | 0.667       |
|    learning_rate        | 0.0003      |
|    loss                 | 0.287       |
|    n_updates            | 1255        |
|    policy_gradient_loss | -0.00571    |
|    std                  | 0.816       |
|    value_loss           | 0.653       |
-----------------------------------------
-----------------------------------------
| rollout/                |             |
|    ep_len_mean          | 381         |
|    ep_rew_mean          | -19         |
| time/                   |             |
|    fps                  | 38          |
|    iterations           | 7           |
|    time_elapsed         | 369         |
|    total_timesteps      | 262880      |
| train/                  |             |
|    approx_kl            | 0.010917177 |
|    clip_fraction        | 0.157       |
|    clip_range           | 0.2         |
|    entropy_loss         | -3.62       |
|    explained_variance   | 0.766       |
|    learning_rate        | 0.0003      |
|    loss                 | 0.273       |
|    n_updates            | 1265        |
|    policy_gradient_loss | -0.0111     |
|    std                  | 0.811       |
|    value_loss           | 1.16        |
-----------------------------------------
-----------------------------------------
| rollout/                |             |
|    ep_len_mean          | 393         |
|    ep_rew_mean          | -19.8       |
| time/                   |             |
|    fps                  | 38          |
|    iterations           | 8           |
|    time_elapsed         | 422         |
|    total_timesteps      | 264928      |
| train/                  |             |
|    approx_kl            | 0.012151024 |
|    clip_fraction        | 0.178       |
|    clip_range           | 0.2         |
|    entropy_loss         | -3.63       |
|    explained_variance   | 0.503       |
|    learning_rate        | 0.0003      |
|    loss                 | 0.264       |
|    n_updates            | 1275        |
|    policy_gradient_loss | -0.0105     |
|    std                  | 0.818       |
|    value_loss           | 0.676       |
-----------------------------------------
------------------------------------------
| rollout/                |              |
|    ep_len_mean          | 407          |
|    ep_rew_mean          | -20.4        |
| time/                   |              |
|    fps                  | 38           |
|    iterations           | 9            |
|    time_elapsed         | 474          |
|    total_timesteps      | 266976       |
| train/                  |              |
|    approx_kl            | 0.0109660365 |
|    clip_fraction        | 0.152        |
|    clip_range           | 0.2          |
|    entropy_loss         | -3.63        |
|    explained_variance   | 0.687        |
|    learning_rate        | 0.0003       |
|    loss                 | 0.172        |
|    n_updates            | 1285         |
|    policy_gradient_loss | -0.00539     |
|    std                  | 0.816        |
|    value_loss           | 0.628        |
------------------------------------------
-----------------------------------------
| rollout/                |             |
|    ep_len_mean          | 417         |
|    ep_rew_mean          | -20.5       |
| time/                   |             |
|    fps                  | 39          |
|    iterations           | 10          |
|    time_elapsed         | 524         |
|    total_timesteps      | 269024      |
| train/                  |             |
|    approx_kl            | 0.010531183 |
|    clip_fraction        | 0.15        |
|    clip_range           | 0.2         |
|    entropy_loss         | -3.61       |
|    explained_variance   | 0.581       |
|    learning_rate        | 0.0003      |
|    loss                 | 0.146       |
|    n_updates            | 1295        |
|    policy_gradient_loss | -0.00631    |
|    std                  | 0.807       |
|    value_loss           | 0.539       |
-----------------------------------------
-----------------------------------------
| rollout/                |             |
|    ep_len_mean          | 419         |
|    ep_rew_mean          | -21.4       |
| time/                   |             |
|    fps                  | 38          |
|    iterations           | 11          |
|    time_elapsed         | 581         |
|    total_timesteps      | 271072      |
| train/                  |             |
|    approx_kl            | 0.012017204 |
|    clip_fraction        | 0.121       |
|    clip_range           | 0.2         |
|    entropy_loss         | -3.58       |
|    explained_variance   | 0.583       |
|    learning_rate        | 0.0003      |
|    loss                 | 0.219       |
|    n_updates            | 1305        |
|    policy_gradient_loss | -0.00846    |
|    std                  | 0.796       |
|    value_loss           | 0.999       |
-----------------------------------------
-----------------------------------------
| rollout/                |             |
|    ep_len_mean          | 428         |
|    ep_rew_mean          | -22.2       |
| time/                   |             |
|    fps                  | 38          |
|    iterations           | 12          |
|    time_elapsed         | 634         |
|    total_timesteps      | 273120      |
| train/                  |             |
|    approx_kl            | 0.009825006 |
|    clip_fraction        | 0.113       |
|    clip_range           | 0.2         |
|    entropy_loss         | -3.56       |
|    explained_variance   | 0.539       |
|    learning_rate        | 0.0003      |
|    loss                 | 1.08        |
|    n_updates            | 1315        |
|    policy_gradient_loss | -0.0109     |
|    std                  | 0.797       |
|    value_loss           | 2.8         |
-----------------------------------------
-----------------------------------------
| rollout/                |             |
|    ep_len_mean          | 444         |
|    ep_rew_mean          | -22.6       |
| time/                   |             |
|    fps                  | 38          |
|    iterations           | 13          |
|    time_elapsed         | 687         |
|    total_timesteps      | 275168      |
| train/                  |             |
|    approx_kl            | 0.014867293 |
|    clip_fraction        | 0.134       |
|    clip_range           | 0.2         |
|    entropy_loss         | -3.56       |
|    explained_variance   | 0.709       |
|    learning_rate        | 0.0003      |
|    loss                 | 0.577       |
|    n_updates            | 1325        |
|    policy_gradient_loss | -0.00964    |
|    std                  | 0.792       |
|    value_loss           | 2.05        |
-----------------------------------------
-----------------------------------------
| rollout/                |             |
|    ep_len_mean          | 454         |
|    ep_rew_mean          | -23.1       |
| time/                   |             |
|    fps                  | 38          |
|    iterations           | 14          |
|    time_elapsed         | 738         |
|    total_timesteps      | 277216      |
| train/                  |             |
|    approx_kl            | 0.014005669 |
|    clip_fraction        | 0.164       |
|    clip_range           | 0.2         |
|    entropy_loss         | -3.54       |
|    explained_variance   | 0.587       |
|    learning_rate        | 0.0003      |
|    loss                 | 0.419       |
|    n_updates            | 1335        |
|    policy_gradient_loss | -0.0113     |
|    std                  | 0.788       |
|    value_loss           | 1.39        |
-----------------------------------------
-----------------------------------------
| rollout/                |             |
|    ep_len_mean          | 469         |
|    ep_rew_mean          | -24.5       |
| time/                   |             |
|    fps                  | 38          |
|    iterations           | 15          |
|    time_elapsed         | 789         |
|    total_timesteps      | 279264      |
| train/                  |             |
|    approx_kl            | 0.014230935 |
|    clip_fraction        | 0.168       |
|    clip_range           | 0.2         |
|    entropy_loss         | -3.54       |
|    explained_variance   | 0.779       |
|    learning_rate        | 0.0003      |
|    loss                 | 0.338       |
|    n_updates            | 1345        |
|    policy_gradient_loss | -0.0132     |
|    std                  | 0.795       |
|    value_loss           | 0.729       |
-----------------------------------------
-----------------------------------------
| rollout/                |             |
|    ep_len_mean          | 470         |
|    ep_rew_mean          | -24.9       |
| time/                   |             |
|    fps                  | 38          |
|    iterations           | 16          |
|    time_elapsed         | 843         |
|    total_timesteps      | 281312      |
| train/                  |             |
|    approx_kl            | 0.011088618 |
|    clip_fraction        | 0.168       |
|    clip_range           | 0.2         |
|    entropy_loss         | -3.55       |
|    explained_variance   | 0.874       |
|    learning_rate        | 0.0003      |
|    loss                 | 0.0667      |
|    n_updates            | 1355        |
|    policy_gradient_loss | -0.00695    |
|    std                  | 0.795       |
|    value_loss           | 0.371       |
-----------------------------------------
-----------------------------------------
| rollout/                |             |
|    ep_len_mean          | 470         |
|    ep_rew_mean          | -25         |
| time/                   |             |
|    fps                  | 38          |
|    iterations           | 17          |
|    time_elapsed         | 895         |
|    total_timesteps      | 283360      |
| train/                  |             |
|    approx_kl            | 0.010141155 |
|    clip_fraction        | 0.142       |
|    clip_range           | 0.2         |
|    entropy_loss         | -3.54       |
|    explained_variance   | 0.598       |
|    learning_rate        | 0.0003      |
|    loss                 | 0.528       |
|    n_updates            | 1365        |
|    policy_gradient_loss | -0.00468    |
|    std                  | 0.79        |
|    value_loss           | 1.33        |
-----------------------------------------
-----------------------------------------
| rollout/                |             |
|    ep_len_mean          | 479         |
|    ep_rew_mean          | -25.1       |
| time/                   |             |
|    fps                  | 38          |
|    iterations           | 18          |
|    time_elapsed         | 948         |
|    total_timesteps      | 285408      |
| train/                  |             |
|    approx_kl            | 0.009721223 |
|    clip_fraction        | 0.139       |
|    clip_range           | 0.2         |
|    entropy_loss         | -3.53       |
|    explained_variance   | 0.829       |
|    learning_rate        | 0.0003      |
|    loss                 | 0.726       |
|    n_updates            | 1375        |
|    policy_gradient_loss | -0.00939    |
|    std                  | 0.791       |
|    value_loss           | 1.31        |
-----------------------------------------
-----------------------------------------
| rollout/                |             |
|    ep_len_mean          | 478         |
|    ep_rew_mean          | -25         |
| time/                   |             |
|    fps                  | 38          |
|    iterations           | 19          |
|    time_elapsed         | 1000        |
|    total_timesteps      | 287456      |
| train/                  |             |
|    approx_kl            | 0.013992749 |
|    clip_fraction        | 0.126       |
|    clip_range           | 0.2         |
|    entropy_loss         | -3.53       |
|    explained_variance   | 0.798       |
|    learning_rate        | 0.0003      |
|    loss                 | 0.446       |
|    n_updates            | 1385        |
|    policy_gradient_loss | -0.0101     |
|    std                  | 0.79        |
|    value_loss           | 1.01        |
-----------------------------------------
-----------------------------------------
| rollout/                |             |
|    ep_len_mean          | 482         |
|    ep_rew_mean          | -25.2       |
| time/                   |             |
|    fps                  | 38          |
|    iterations           | 20          |
|    time_elapsed         | 1053        |
|    total_timesteps      | 289504      |
| train/                  |             |
|    approx_kl            | 0.011196341 |
|    clip_fraction        | 0.155       |
|    clip_range           | 0.2         |
|    entropy_loss         | -3.53       |
|    explained_variance   | 0.624       |
|    learning_rate        | 0.0003      |
|    loss                 | 0.159       |
|    n_updates            | 1395        |
|    policy_gradient_loss | -0.00633    |
|    std                  | 0.791       |
|    value_loss           | 1.11        |
-----------------------------------------
-----------------------------------------
| rollout/                |             |
|    ep_len_mean          | 488         |
|    ep_rew_mean          | -25.5       |
| time/                   |             |
|    fps                  | 38          |
|    iterations           | 21          |
|    time_elapsed         | 1107        |
|    total_timesteps      | 291552      |
| train/                  |             |
|    approx_kl            | 0.010753229 |
|    clip_fraction        | 0.148       |
|    clip_range           | 0.2         |
|    entropy_loss         | -3.53       |
|    explained_variance   | 0.762       |
|    learning_rate        | 0.0003      |
|    loss                 | 0.423       |
|    n_updates            | 1405        |
|    policy_gradient_loss | -0.00931    |
|    std                  | 0.788       |
|    value_loss           | 1.04        |
-----------------------------------------

[train_ppo] interrupted -> saving current policy to runs/ppo/checkpoints/ppo_drone_interrupted.zip
[train_ppo] saved model to runs/ppo/checkpoints/ppo_drone_interrupted.zip
   9% ━━                         43,793/500,000  [ 0:18:49 < 3:22:32 , 38 it/s ]

[train.sh] cleanup...
